// Jest Snapshot v1, https://goo.gl/fbAQLP

exports[`should render Profile page component 1`] = `ShallowWrapper {}`;
