// Jest Snapshot v1, https://goo.gl/fbAQLP

exports[`should render SearchResults  page component 1`] = `ShallowWrapper {}`;
