// Jest Snapshot v1, https://goo.gl/fbAQLP

exports[`should render SignIn page component 1`] = `ShallowWrapper {}`;

exports[`should render SignUp page component 1`] = `ShallowWrapper {}`;
