// Jest Snapshot v1, https://goo.gl/fbAQLP

exports[`should render SignOut page component 1`] = `ShallowWrapper {}`;
