// Jest Snapshot v1, https://goo.gl/fbAQLP

exports[`should render UsersList page component 1`] = `ShallowWrapper {}`;
